DELETE method:

1) Delete of candidate with non-existent "id".
request_url = 'http://qainterview.cogniance.com/candidates/86'
urllib.error.HTTPError: HTTP Error 404: NOT FOUND

2) Delete of candidate with "id":null
>>> request_url = 'http://qainterview.cogniance.com/candidates/None'
>>> urllib.request.urlopen(request)
urllib.error.HTTPError: HTTP Error 404: NOT FOUND

POST method

3)  Input 2 "name":
>>> json_dict = {  "name": "Абра-кадабра і", "name": "Абра-кадабра і" }
...
>>> print(res.read().decode("cp1251"))
{
  "candidate": {
    "id": 67, 
    "name": "\u0410\u0431\u0440\u0430-\u043a\u0430\u0434\u0430\u0431\u0440\u0430 \u0456", 
    "position": ""
>>> print(res.getcode())
201

4) Input 2 "position":
>>> json_dict = {  "position": "json", "position": "nosj" }
...
>>> res = urllib.request.urlopen(req)
urllib.error.HTTPError: HTTP Error 400: BAD REQUEST

5) Input only "name":
>>> json_dict = {  "name": "new"}
...
>>> print(res.read().decode("cp1251"))
{
  "candidate": {
    "id": 69, 
    "name": "new", 
    "position": ""
  }
}
>>> print(res.getcode())
201

6) Input only "position":
>>> json_dict = {  "position": "new"}
...
>>> res = urllib.request.urlopen(req)
urllib.error.HTTPError: HTTP Error 400: BAD REQUEST

7) Input extra key - "id": Null.
>>>json_dict = {  "id": None, "name": "Vitalii", "position": "QA Engineer" }
...
>>> print(res.read().decode("cp1251"))
{
  "candidate": {
    "id": 83, 
    "name": "Vitalii", 
    "position": "QA Engineer"
  }
}
>>> print(res.getcode())
201

8) Adding extra key - "id": True.
>>>json_dict = {  "id": True, "name": "Vitalii", "position": "QA" }
...
>>> print(res.read().decode("cp1251"))
{
  "candidate": {
    "id": 81, 
    "name": "Vitalii", 
    "position": "QA"
  }
}
>>> print(res.getcode())
201

9) Adding extra key - "id": 870. Value is non-existent.
>>>json_dict = {  "id": 870, "name": "Zubenko Vitalii", "position": "QA Engineer" }
...
>>> print(res.read().decode("cp1251"))
{
  "candidate": {
    "id": 78, 
    "name": "Zubenko Vitalii", 
    "position": "QA Engineer"
  }
}
>>> print(res.getcode())
201

10)Adding extra key:

>>> json_dict = {  "name": "Zubenko Vitalii", "position": "QA Engineer", "age":"30" }
...
>>> print(res.read().decode("cp1251"))
{
  "candidate": {
    "id": 1299, 
    "name": "Zubenko Vitalii", 
    "position": "QA Engineer"
  }
>>> print(res.getcode())
201
 
11)Input huge value for key "name":
>>>json_dict = { "name": "In the third week of November, in the year 1895, a dense yellow fog settled down upon London. From the Monday to the Thursday I doubt whether it was ever possible from our windows in Baker Street to see the loom of the opposite houses. The first day Holmes had spent in cross-indexing his huge book of references. The second and third had been patiently occupied upon a subject which he hand recently made his hobby--the music of the Middle Ages. But when, for the fourth time, after pushing back our chairs from breakfast we saw the greasy, heavy brown swirl still drifting past us and condensing in oily drops upon the window- panes, my comrade's impatient and active nature could endure this drab existence no longer. He paced restlessly about our sittingd.In was aware that by anything of interest, Holmes meant anything of criminal interest. There was the news of a revolution, of a possible war, and of an impending change of government; but these did not come within the horizon of my companion. I could see nothing recorded in the shape of crime which was not commonplace and futile. Holmes groaned and resumed hs restless meanderings.  The London criminal is certainly a dull fellow,  said he in the querulous voice of the sportsman whose game has failed him.  Look out this window, Watson. See how the figures loom up, are dimly seen, and then blend once more into the cloud-bank. The thief or the murderer could roam London on such a day as the tiger does the jungle, unseen until he pounces, and then evident only to his victim. There have,  said I,  been numerous petty thefts. Holmes snorted his contempt. This great and sombre stage is set for something more worthy than that,  said he.  It is fortunate for this community that I am not a criminal. It is, indeed!  said I heartily. Suppose that I were Brooks or Woodhouse, or any of the fifty men who have good reason for taking my life, how long could I survive against my own pursuit? A summons, a bogus appointment, and all would be over. It is well they don't have days of fog in the Latin countries--the countries of assassination. By Jove! here comes something at last to break our dead monotony. It was the maid with a telegram. Holmes tore it open and burst out laughing. Well, well! What next?  said he.  Brother Mycroft is coming round. Why not?  I asked. Why not? It is as if you met a tram-car coming down a country lane. Mycroft has his rails and he runs on them. His Pall Mall lodgings, the Diogenes Club, Whitehall--that is his cycle. Once, and only once, he has been here. What upheaval can possibly have derailed him? Does he not explain? Holmes handed me his brother's telegram. Must see you over Cadogen West. Coming at once. Mycroft. Cadogen West? I have heard the name. It recalls nothing to my mind. But that Mycroft should break out in this erratic fashion! A planet might as well leave its orbit. By the way, do you know what Mycroft is? I had some vague recollection of an explanation at the time of the Adventure of the Greek Interpreter. You told me that he had some small office under the British government. Holmes chuckled. I did not know you quite so well in those days. One has to be discreet when one talks of high matters of state. You are right in thinking that he under the British government. You would also be right in a sense if you said that occasionally he IS the British government.", "position": "QA Engineer" }
...
>>> print(res.read().decode("cp1251"))
"id": 75, 
      "name": "In the third week of November, in the year 1895, a dense yellow fog settled down upon London. From the Monday to the Thursday I doubt whether it was ever possible from our windows in Baker Street to see the loom of the opposite houses. The first day Holmes had spent in cross-indexing his huge book of references. The second and third had been patiently occupied upon a subject which he hand recently made his hobby--the music of the Middle Ages. But when, for the fourth time, after pushing back our chairs from breakfast we saw the greasy, heavy brown swirl still drifting past us and condensing in oily drops upon the window- panes, my comrade's impatient and active nature could endure this drab existence no longer. He paced restlessly about our sittingd.In was aware that by anything of interest, Holmes meant anything of criminal interest. There was the news of a revolution, of a possible war, and of an impending change of government; but these did not come within the horizon of my companion. I could see nothing recorded in the shape of crime which was not commonplace and futile. Holmes groaned and resumed hs restless meanderings.  The London criminal is certainly a dull fellow,  said he in the querulous voice of the sportsman whose game has failed him.  Look out this window, Watson. See how the figures loom up, are dimly seen, and then blend once more into the cloud-bank. The thief or the murderer could roam London on such a day as the tiger does the jungle, unseen until he pounces, and then evident only to his victim. There have,  said I,  been numerous petty thefts. Holmes snorted his contempt. This great and sombre stage is set for something more worthy than that,  said he.  It is fortunate for this community that I am not a criminal. It is, indeed!  said I heartily. Suppose that I were Brooks or Woodhouse, or any of the fifty men who have good reason for taking my life, how long could I survive against my own pursuit? A summons, a bogus appointment, and all would be over. It is well they don't have days of fog in the Latin countries--the countries of assassination. By Jove! here comes something at last to break our dead monotony. It was the maid with a telegram. Holmes tore it open and burst out laughing. Well, well! What next?  said he.  Brother Mycroft is coming round. Why not?  I asked. Why not? It is as if you met a tram-car coming down a country lane. Mycroft has his rails and he runs on them. His Pall Mall lodgings, the Diogenes Club, Whitehall--that is his cycle. Once, and only once, he has been here. What upheaval can possibly have derailed him? Does he not explain? Holmes handed me his brother's telegram. Must see you over Cadogen West. Coming at once. Mycroft. Cadogen West? I have heard the name. It recalls nothing to my mind. But that Mycroft should break out in this erratic fashion! A planet might as well leave its orbit. By the way, do you know what Mycroft is? I had some vague recollection of an explanation at the time of the Adventure of the Greek Interpreter. You told me that he had some small office under the British government. Holmes chuckled. I did not know you quite so well in those days. One has to be discreet when one talks of high matters of state. You are right in thinking that he under the British government. You would also be right in a sense if you said that occasionally he IS the British government.", 
      "position": "QA Engineer"
    }
>>> print(res.getcode())
201

GET

12) As was discovered early method "GET, http://qainterview.cogniance.com/candidates/<cand_id>, shows a 
candidate with id=<cand_id>" works incorrectly.
